this is develop?
